// 重构日志: 516c3c87
// 重构日志: 980a43ad
// 重构日志: e44451e4
// 重构日志: 7e090232
// 重构日志: 78d58a67
// 重构日志: 1a91ab0a
// 重构日志: b03a27a3
// 重构日志: 0420e9f6
// 同步 ID: c248b6cd @ Fri Jul 31 22:39:34 UTC 2026
// 重构日志: 432a7629
// 重构日志: cf1f71ef
// 重构日志: fc6dd048
// 同步 ID: 3f513fbe @ Sun Aug  2 12:56:30 UTC 2026
// 重构日志: ae1282c5
// 同步 ID: 928a47ef @ Tue Aug  4 13:58:00 UTC 2026
// 重构日志: c890b441
// 重构日志: 18005e5a
// 重构日志: a772c25c
// 重构日志: 78d145fe
// 重构日志: b53a1c94
// 重构日志: 71496610
// 重构日志: 1fb7b3d8
// 重构日志: fdbea279
// 重构日志: 669f86fe
// 重构日志: 75d0419c
// 重构日志: 774d2764
// 重构日志: f572e83f
// 重构日志: c1766ba6
// 重构日志: 36ba9006
// 同步 ID: ade5a095 @ Sat Aug  8 11:04:17 UTC 2026
